stm32h7xx_hal_nand.c:158:20:HAL_NAND_Init	24	static
stm32h7xx_hal_nand.c:212:19:HAL_NAND_DeInit	16	static
stm32h7xx_hal_nand.c:245:13:HAL_NAND_MspInit	16	static
stm32h7xx_hal_nand.c:261:13:HAL_NAND_MspDeInit	16	static
stm32h7xx_hal_nand.c:278:6:HAL_NAND_IRQHandler	16	static
stm32h7xx_hal_nand.c:344:13:HAL_NAND_ITCallback	16	static
stm32h7xx_hal_nand.c:380:19:HAL_NAND_Read_ID	32	static,ignoring_inline_asm
stm32h7xx_hal_nand.c:451:19:HAL_NAND_Reset	24	static
stm32h7xx_hal_nand.c:496:20:HAL_NAND_ConfigDevice	16	static
stm32h7xx_hal_nand.c:518:19:HAL_NAND_Read_Page_8b	56	static,ignoring_inline_asm
stm32h7xx_hal_nand.c:672:19:HAL_NAND_Read_Page_16b	56	static,ignoring_inline_asm
stm32h7xx_hal_nand.c:825:19:HAL_NAND_Write_Page_8b	56	static,ignoring_inline_asm
stm32h7xx_hal_nand.c:974:19:HAL_NAND_Write_Page_16b	56	static,ignoring_inline_asm
stm32h7xx_hal_nand.c:1123:19:HAL_NAND_Read_SpareArea_8b	56	static,ignoring_inline_asm
stm32h7xx_hal_nand.c:1283:19:HAL_NAND_Read_SpareArea_16b	56	static,ignoring_inline_asm
stm32h7xx_hal_nand.c:1443:19:HAL_NAND_Write_SpareArea_8b	56	static,ignoring_inline_asm
stm32h7xx_hal_nand.c:1601:19:HAL_NAND_Write_SpareArea_16b	56	static,ignoring_inline_asm
stm32h7xx_hal_nand.c:1757:19:HAL_NAND_Erase_Block	24	static,ignoring_inline_asm
stm32h7xx_hal_nand.c:1813:10:HAL_NAND_Address_Inc	24	static
stm32h7xx_hal_nand.c:2003:20:HAL_NAND_ECC_Enable	16	static
stm32h7xx_hal_nand.c:2035:20:HAL_NAND_ECC_Disable	16	static
stm32h7xx_hal_nand.c:2069:20:HAL_NAND_GetECC	32	static
stm32h7xx_hal_nand.c:2123:23:HAL_NAND_GetState	16	static
stm32h7xx_hal_nand.c:2134:10:HAL_NAND_Read_Status	24	static
