stm32h7xx_it.c:76:6:NMI_Handler	4	static
stm32h7xx_it.c:91:6:HardFault_Handler	4	static
stm32h7xx_it.c:106:6:MemManage_Handler	4	static
stm32h7xx_it.c:121:6:BusFault_Handler	4	static
stm32h7xx_it.c:136:6:UsageFault_Handler	4	static
stm32h7xx_it.c:151:6:DebugMon_Handler	4	static
stm32h7xx_it.c:171:6:EXTI0_IRQHandler	8	static
stm32h7xx_it.c:185:6:EXTI3_IRQHandler	8	static
stm32h7xx_it.c:199:6:EXTI9_5_IRQHandler	8	static
stm32h7xx_it.c:213:6:USART1_IRQHandler	8	static
stm32h7xx_it.c:227:6:UART5_IRQHandler	8	static
stm32h7xx_it.c:241:6:TIM6_DAC_IRQHandler	8	static
stm32h7xx_it.c:255:6:OTG_HS_IRQHandler	8	static
stm32h7xx_it.c:269:6:LTDC_IRQHandler	8	static
stm32h7xx_it.c:283:6:DMA2D_IRQHandler	8	static
