core_cm7.h:2147:34:__NVIC_SystemReset	4	static,ignoring_inline_asm
cmd_func.c:191:16:cmd_backlight_adjust	16	static
cmd_func.c:228:16:ctrl_add_record	32	static
cmd_func.c:275:16:record_trigger_warn	32	static
cmd_func.c:318:16:record_clear	32	static
cmd_func.c:361:16:get_record_num	32	static
cmd_func.c:405:16:record_set_offset	32	static
cmd_func.c:448:16:record_relieve_warn	32	static
cmd_func.c:511:16:cmd_get_dir	24	static
cmd_func.c:538:16:cmd_buzzer_mode	24	static
cmd_func.c:566:16:cmd_led_mode	16	static
cmd_func.c:585:16:cmd_screen_mode	16	static
cmd_func.c:603:16:cmd_tp_test	16	static
cmd_func.c:623:16:cmd_ctrl	24	static
cmd_func.c:675:16:ctrl_set_rtc	16	static
cmd_func.c:731:16:ctrl_stop_rtc	16	static
cmd_func.c:779:16:ctrl_clear_rtc	16	static
cmd_func.c:828:16:ctrl_start_rtc	16	static
cmd_func.c:882:16:ctrl_get_status	48	static
cmd_func.c:965:16:add_graph_channel	32	static
cmd_func.c:1017:16:del_graph_channel	32	static
cmd_func.c:1067:16:insert_data_tail	48	static
cmd_func.c:1160:16:clear_graph_channel	32	static
cmd_func.c:1216:16:insert_data_head	48	static
cmd_func.c:1320:16:change_strid	32	static
cmd_func.c:1370:16:start_play_animation	48	static
cmd_func.c:1431:16:stop_play_animation	40	static
cmd_func.c:1505:17:pause_play_animation	40	static
cmd_func.c:1565:16:next_frame	40	static
cmd_func.c:1659:16:last_frame	40	static
cmd_func.c:1747:17:num_frame	40	static
cmd_func.c:1834:16:ctrl_menu	32	static
cmd_func.c:1887:16:ctrl_pop_win	16	static
cmd_func.c:1906:16:ctrl_hide_win	16	static
cmd_func.c:1931:16:ctrl_change_status	56	static
cmd_func.c:2052:16:ctrl_get_screen	24	static
cmd_func.c:2092:16:ctrl_switch_screen	24	static
cmd_func.c:2141:16:cmd_reset	16	static
cmd_func.c:2164:16:cmd_shift	16	static
cmd_func.c:2183:16:cmd_engch	16	static
cmd_func.c:2226:16:cmd_handshake	24	static
cmd_func.c:2262:16:cmd_set_language	24	static
cmd_func.c:2308:16:cmd_bk_auto	32	static
cmd_func.c:2344:16:cmd_set_light	16	static
cmd_func.c:2374:16:cmd_set_rtc	16	static
cmd_func.c:2536:16:cmd_get_rtc	24	static
cmd_func.c:2615:9:cmd_handle_func	24	static
cmd_func.c:2657:18:find_touch_screen	24	static
cmd_func.c:2696:16:ctrl_batch	56	static
cmd_func.c:2890:17:create_ctrl	40	static
