font.c:23:6:get_font	56	static
font.c:46:11:get_gbk_font	48	static
font.c:91:11:get_unicode_font	40	static
font.c:106:9:get_gb_font	48	static
font.c:136:9:get_char_font	40	static
font.c:163:6:put_hz_pixel	40	static
font.c:198:6:put_hzn_pixel	40	static
font.c:231:6:put_hzn_pixel_dc	48	static
font.c:267:6:put_hzn_pixel_rect	40	static
font.c:307:6:put_char_pixel	40	static
font.c:342:6:put_charn_pixel	40	static
font.c:376:6:put_charn_pixel_rect	40	static
font.c:449:9:get_font_width	16	static
font.c:455:9:get_font_height	16	static
font.c:470:6:show_font	40	static
font.c:510:6:show_nfont	40	static
font.c:552:6:show_charn_font	40	static
font.c:578:6:show_char_font	40	static
font.c:602:13:ch_to_hz	24	static
font.c:626:13:hz_to_ch	24	static
font.c:652:6:put_charn_pixel_buffer	48	static
font.c:690:6:show_charn_buffer	40	static
font.c:714:6:put_hzn_pixel_buffer	48	static
font.c:749:6:put_char_pixel_buffer	40	static
font.c:787:6:show_nfont_buffer	40	static
font.c:832:6:show_char_buffer	48	static
font.c:860:6:put_hz_pixel_buffer	40	static
font.c:898:6:show_font_buffer	40	static
font.c:1044:6:show_nfont_rect	56	static
font.c:1086:6:show_charn_font_rect	56	static
font.c:1124:6:put_charn_pixel_dc	40	static
font.c:1165:6:show_charn_dc	56	static
font.c:1192:6:show_nfont_dc	56	static
font.c:1228:13:get_font_type	24	static
