gui.c:17:6:blt	40	static
gui.c:93:6:tvblt	32	static
gui.c:124:6:vbltdc	48	static
gui.c:178:6:tvbltdc	48	static
gui.c:420:6:blt_dc_zoom	64	static
gui.c:511:6:vblt_bdc	48	static
gui.c:619:6:vblt	48	static
gui.c:678:6:draw_virtual_hline	24	static
gui.c:769:6:recover_hline	40	static
gui.c:800:6:draw_virtual_vline	24	static
gui.c:844:6:save_virtual_vline	32	static
gui.c:889:6:recover_vline	40	static
gui.c:919:9:pt_in_rect	16	static
gui.c:928:13:get_line_image	56	static
gui.c:977:6:get_touch_image	56	static
gui.c:1023:6:draw_vline	32	static
gui.c:1047:6:draw_hline	32	static
gui.c:1151:10:rect_overlap	24	static
gui.c:1266:6:get_image	48	static
gui.c:1290:13:swap_uint16_t	24	static
gui.c:1299:6:write_line	40	static
gui.c:1351:6:draw_Vline	32	static
gui.c:1356:6:draw_Hline	32	static
gui.c:1363:6:draw_line	32	static
gui.c:1389:6:draw_circle	40	static
gui.c:1430:6:draw_circle_helper	40	static
gui.c:1478:6:fill_circle_helper	40	static
gui.c:1516:6:fill_circle	32	static
gui.c:1524:6:draw_rect	24	static
gui.c:1535:6:fill_rect	32	static
gui.c:1548:6:draw_triangle	32	static
gui.c:1559:6:fill_triangle	56	static
gui.c:1664:10:get_complementary_color	24	static
gui.c:1681:10:mix_color	24	static
gui.c:1705:6:set_pexil_width	24	static
gui.c:1739:6:write_width_line	48	static
gui.c:1793:6:draw_width_Vline	32	static
gui.c:1798:6:draw_width_Hline	32	static
gui.c:1804:6:draw_width_line	32	static
