lis3dh_reg.c:66:9:lis3dh_read_reg	32	static
lis3dh_reg.c:84:9:lis3dh_write_reg	32	static
lis3dh_reg.c:104:7:lis3dh_from_fs2_hr_to_mg	16	static
lis3dh_reg.c:109:7:lis3dh_from_fs4_hr_to_mg	16	static
lis3dh_reg.c:114:7:lis3dh_from_fs8_hr_to_mg	16	static
lis3dh_reg.c:119:7:lis3dh_from_fs16_hr_to_mg	16	static
lis3dh_reg.c:124:7:lis3dh_from_lsb_hr_to_celsius	16	static
lis3dh_reg.c:129:7:lis3dh_from_fs2_nm_to_mg	16	static
lis3dh_reg.c:134:7:lis3dh_from_fs4_nm_to_mg	16	static
lis3dh_reg.c:139:7:lis3dh_from_fs8_nm_to_mg	16	static
lis3dh_reg.c:144:7:lis3dh_from_fs16_nm_to_mg	16	static
lis3dh_reg.c:149:7:lis3dh_from_lsb_nm_to_celsius	16	static
lis3dh_reg.c:154:7:lis3dh_from_fs2_lp_to_mg	16	static
lis3dh_reg.c:159:7:lis3dh_from_fs4_lp_to_mg	16	static
lis3dh_reg.c:164:7:lis3dh_from_fs8_lp_to_mg	16	static
lis3dh_reg.c:169:7:lis3dh_from_fs16_lp_to_mg	16	static
lis3dh_reg.c:174:7:lis3dh_from_lsb_lp_to_celsius	16	static
lis3dh_reg.c:199:9:lis3dh_temp_status_reg_get	24	static
lis3dh_reg.c:213:9:lis3dh_temp_data_ready_get	24	static
lis3dh_reg.c:232:9:lis3dh_temp_data_ovr_get	24	static
lis3dh_reg.c:251:9:lis3dh_temperature_raw_get	24	static
lis3dh_reg.c:278:9:lis3dh_adc_raw_get	24	static
lis3dh_reg.c:293:9:lis3dh_aux_adc_set	24	static
lis3dh_reg.c:322:9:lis3dh_aux_adc_get	24	static
lis3dh_reg.c:349:9:lis3dh_operating_mode_set	32	static
lis3dh_reg.c:390:9:lis3dh_operating_mode_get	32	static
lis3dh_reg.c:419:9:lis3dh_data_rate_set	24	static
lis3dh_reg.c:440:9:lis3dh_data_rate_get	24	static
lis3dh_reg.c:493:9:lis3dh_high_pass_on_outputs_set	24	static
lis3dh_reg.c:515:9:lis3dh_high_pass_on_outputs_get	24	static
lis3dh_reg.c:540:9:lis3dh_high_pass_bandwidth_set	24	static
lis3dh_reg.c:568:9:lis3dh_high_pass_bandwidth_get	24	static
lis3dh_reg.c:603:9:lis3dh_high_pass_mode_set	24	static
lis3dh_reg.c:624:9:lis3dh_high_pass_mode_get	24	static
lis3dh_reg.c:658:9:lis3dh_full_scale_set	24	static
lis3dh_reg.c:679:9:lis3dh_full_scale_get	24	static
lis3dh_reg.c:713:9:lis3dh_block_data_update_set	24	static
lis3dh_reg.c:734:9:lis3dh_block_data_update_get	24	static
lis3dh_reg.c:754:9:lis3dh_filter_reference_set	24	static
lis3dh_reg.c:770:9:lis3dh_filter_reference_get	24	static
lis3dh_reg.c:784:9:lis3dh_xl_data_ready_get	24	static
lis3dh_reg.c:802:9:lis3dh_xl_data_ovr_get	24	static
lis3dh_reg.c:820:9:lis3dh_acceleration_raw_get	24	static
lis3dh_reg.c:846:9:lis3dh_device_id_get	24	static
lis3dh_reg.c:860:9:lis3dh_self_test_set	24	static
lis3dh_reg.c:881:9:lis3dh_self_test_get	24	static
lis3dh_reg.c:912:9:lis3dh_data_format_set	24	static
lis3dh_reg.c:933:9:lis3dh_data_format_get	24	static
lis3dh_reg.c:961:9:lis3dh_boot_set	24	static
lis3dh_reg.c:982:9:lis3dh_boot_get	24	static
lis3dh_reg.c:1001:9:lis3dh_status_get	24	static
lis3dh_reg.c:1028:9:lis3dh_int1_gen_conf_set	24	static
lis3dh_reg.c:1044:9:lis3dh_int1_gen_conf_get	24	static
lis3dh_reg.c:1060:9:lis3dh_int1_gen_source_get	24	static
lis3dh_reg.c:1077:9:lis3dh_int1_gen_threshold_set	24	static
lis3dh_reg.c:1100:9:lis3dh_int1_gen_threshold_get	24	static
lis3dh_reg.c:1120:9:lis3dh_int1_gen_duration_set	24	static
lis3dh_reg.c:1142:9:lis3dh_int1_gen_duration_get	24	static
lis3dh_reg.c:1174:9:lis3dh_int2_gen_conf_set	24	static
lis3dh_reg.c:1190:9:lis3dh_int2_gen_conf_get	24	static
lis3dh_reg.c:1205:9:lis3dh_int2_gen_source_get	24	static
lis3dh_reg.c:1222:9:lis3dh_int2_gen_threshold_set	24	static
lis3dh_reg.c:1245:9:lis3dh_int2_gen_threshold_get	24	static
lis3dh_reg.c:1265:9:lis3dh_int2_gen_duration_set	24	static
lis3dh_reg.c:1287:9:lis3dh_int2_gen_duration_get	24	static
lis3dh_reg.c:1318:9:lis3dh_high_pass_int_conf_set	24	static
lis3dh_reg.c:1340:9:lis3dh_high_pass_int_conf_get	24	static
lis3dh_reg.c:1387:9:lis3dh_pin_int1_config_set	24	static
lis3dh_reg.c:1403:9:lis3dh_pin_int1_config_get	24	static
lis3dh_reg.c:1420:9:lis3dh_int2_pin_detect_4d_set	24	static
lis3dh_reg.c:1442:9:lis3dh_int2_pin_detect_4d_get	24	static
lis3dh_reg.c:1463:9:lis3dh_int2_pin_notification_mode_set	24	static
lis3dh_reg.c:1487:9:lis3dh_int2_pin_notification_mode_get	24	static
lis3dh_reg.c:1517:9:lis3dh_int1_pin_detect_4d_set	24	static
lis3dh_reg.c:1539:9:lis3dh_int1_pin_detect_4d_get	24	static
lis3dh_reg.c:1559:9:lis3dh_int1_pin_notification_mode_set	24	static
lis3dh_reg.c:1582:9:lis3dh_int1_pin_notification_mode_get	24	static
lis3dh_reg.c:1611:9:lis3dh_pin_int2_config_set	24	static
lis3dh_reg.c:1627:9:lis3dh_pin_int2_config_get	24	static
lis3dh_reg.c:1654:9:lis3dh_fifo_set	24	static
lis3dh_reg.c:1675:9:lis3dh_fifo_get	24	static
lis3dh_reg.c:1694:9:lis3dh_fifo_watermark_set	24	static
lis3dh_reg.c:1715:9:lis3dh_fifo_watermark_get	24	static
lis3dh_reg.c:1734:9:lis3dh_fifo_trigger_event_set	24	static
lis3dh_reg.c:1756:9:lis3dh_fifo_trigger_event_get	24	static
lis3dh_reg.c:1785:9:lis3dh_fifo_mode_set	24	static
lis3dh_reg.c:1806:9:lis3dh_fifo_mode_get	24	static
lis3dh_reg.c:1840:9:lis3dh_fifo_status_get	24	static
lis3dh_reg.c:1855:9:lis3dh_fifo_data_level_get	24	static
lis3dh_reg.c:1873:9:lis3dh_fifo_empty_flag_get	24	static
lis3dh_reg.c:1891:9:lis3dh_fifo_ovr_flag_get	24	static
lis3dh_reg.c:1909:9:lis3dh_fifo_fth_flag_get	24	static
lis3dh_reg.c:1940:9:lis3dh_tap_conf_set	24	static
lis3dh_reg.c:1955:9:lis3dh_tap_conf_get	24	static
lis3dh_reg.c:1969:9:lis3dh_tap_source_get	24	static
lis3dh_reg.c:1984:9:lis3dh_tap_threshold_set	24	static
lis3dh_reg.c:2006:9:lis3dh_tap_threshold_get	24	static
lis3dh_reg.c:2028:9:lis3dh_tap_notification_mode_set	24	static
lis3dh_reg.c:2053:9:lis3dh_tap_notification_mode_get	24	static
lis3dh_reg.c:2084:9:lis3dh_shock_dur_set	24	static
lis3dh_reg.c:2107:9:lis3dh_shock_dur_get	24	static
lis3dh_reg.c:2129:9:lis3dh_quiet_dur_set	24	static
lis3dh_reg.c:2153:9:lis3dh_quiet_dur_get	24	static
lis3dh_reg.c:2175:9:lis3dh_double_tap_timeout_set	24	static
lis3dh_reg.c:2199:9:lis3dh_double_tap_timeout_get	24	static
lis3dh_reg.c:2233:9:lis3dh_act_threshold_set	24	static
lis3dh_reg.c:2256:9:lis3dh_act_threshold_get	24	static
lis3dh_reg.c:2276:9:lis3dh_act_timeout_set	24	static
lis3dh_reg.c:2298:9:lis3dh_act_timeout_get	24	static
lis3dh_reg.c:2330:9:lis3dh_pin_sdo_sa0_mode_set	24	static
lis3dh_reg.c:2352:9:lis3dh_pin_sdo_sa0_mode_get	24	static
lis3dh_reg.c:2381:9:lis3dh_spi_mode_set	24	static
lis3dh_reg.c:2402:9:lis3dh_spi_mode_get	24	static
