nand.c:68:6:nandwaitrb	4	static
nand.c:72:6:nandwaitrbdown	4	static
nand.c:76:11:nandgetwaitstate	4	static
nand.c:81:6:NAND_Delay	16	static
nand.c:100:5:NAND_ReadID	24	static
nand.c:124:13:NandFlash_Init	8	static
nand.c:173:4:NAND_ReadStatus	16	static
nand.c:185:4:NAND_Reset	8	static
nand.c:195:13:get_block_information	24	static
nand.c:201:6:nand_erase	16	static
nand.c:219:4:NAND_WaitForReady	16	static
nand.c:239:4:NAND_ReadSpare	32	static
nand.c:250:16:create_lut	40	static
nand.c:383:16:NandFlash_Reset	8	static
nand.c:407:16:NandFlash_ReadStatus	24	static
nand.c:463:17:NandFlash_ReadId	24	static
nand.c:486:16:NandFlash_BlockErase	24	static
nand.c:552:16:block_is_valid	32	static
nand.c:576:16:NandFlash_PageProgram	32	static
nand.c:684:16:NandFlash_PageRead	32	static
nand.c:762:17:NandFlash_PageReadFromAddr	48	static
nand.c:836:17:NandFlash_Read_Source	56	static
nand.c:882:16:NandFlash_BlockProgram	72	static
nand.c:961:17:NandFlash_Program	72	static
nand.c:994:5:NAND_LBNToPBN	24	static
nand.c:1010:4:NAND_WaitRB	24	static
