btn.c:30:16:btn_msg	48	static
btn.c:146:19:btn_switch_timer_delete	24	static
btn.c:165:13:btn_release	24	static
btn.c:209:13:btn_switch_screen	24	static
btn.c:237:19:btn_switch_timer_reset	24	static
btn.c:245:19:btn_switch_timer_stop	24	static
btn.c:257:19:btn_switch_timer_start	24	static
btn.c:264:13:external_cmd_call_back	32	static
btn.c:284:13:internal_cmd_call_back	32	static
btn.c:300:13:btn_pop_menu	24	static
btn.c:344:13:btn_cmd_handle	64	static
btn.c:404:13:btn_switch_btn	32	static
btn.c:537:13:btn_custom_cmd	24	static
btn.c:563:13:btn_notify	32	static
btn.c:611:13:draw_virtual_frame	24	static
btn.c:691:13:btn_sustain_call_back2	32	static
btn.c:721:13:btn_sustain_call_back1	32	static
btn.c:762:22:btn_switch_timer_create	40	static
btn.c:834:21:btn_switch_create	24	static
btn.c:881:13:btn_custom_key	48	static
btn.c:1057:13:key_del_timer1	24	static
btn.c:1071:13:btn_act	40	static
btn.c:1183:6:btn_key_delete	16	static
btn.c:1194:13:cmd_update_btn_status	32	static
btn.c:1219:13:cmd_get_btn_status	24	static
btn.c:1263:13:update_draw_text	48	static
btn.c:1532:13:btn_show_font	80	static
btn.c:1640:21:init_draw_text	48	static
btn.c:1703:13:btn_draw_screen	88	static
btn.c:1815:18:btn_cmd_create	24	static
btn.c:1847:19:btn_list_create	24	static
btn.c:1870:21:sbtn_switch_create	24	static
btn.c:1900:9:btn_create	32	static
btn.c:2082:10:sbtn_create	32	static
btn.c:2199:9:keyboard_btn_create	32	static
