display.c:63:13:lcd_draw_cross	24	static
display.c:71:17:lcd_read_pixel_buffer	32	static
display.c:87:13:lcd_fill_rect	32	static
display.c:118:13:lcd_fill_sceen	24	static
display.c:134:13:lcd_put_pixel	32	static
display.c:168:13:lcd_put_pixel_buffer	32	static
display.c:186:18:lcd_get_addr	16	static
display.c:205:13:back_light_init	8	static
display.c:252:6:drv_bl_pwm_out	8	static
display.c:259:13:set_back_light	24	static
display.c:285:6:LTDC_Layer_Window_Config	24	static
display.c:292:6:LTDC_Init	16	static
display.c:305:13:TFT_init	24	static
display.c:387:6:LCD_SetBaseAddress	72	static
display.c:403:13:switch_base_addr	8	static
display.c:423:7:open_backlight	8	static
display.c:433:6:close_backlight	8	static
