record.c:42:14:update_first_show	24	static
record.c:62:13:update_select_record	24	static
record.c:118:13:slider_touch_update	24	static
record.c:149:16:record_msg	64	static
record.c:264:13:record_release	32	static
record.c:294:13:upload_record_slect	24	static
record.c:321:13:record_act	24	static
record.c:343:20:init_draw_text	40	static
record.c:398:13:update_draw_text	40	static
record.c:658:13:show_font_rect	88	static
record.c:785:13:get_record_str	32	static
record.c:818:14:get_event_descrip	24	static
record.c:839:16:number_to_string	24	static
record.c:886:17:time_to_string	24	static
record.c:927:18:get_record_string	40	static
record.c:1015:13:record_draw_screen	104	static
record.c:1264:13:record_touch_back	24	static
record.c:1271:17:find_record_data	24	static
record.c:1336:13:update_select_area	16	static
record.c:1358:13:update_slider_status	24	static
record.c:1384:13:handler_record_add	32	static
record.c:1476:13:handler_record_relieve	32	static
record.c:1531:13:handler_record_clear	32	static
record.c:1570:13:handler_record_get	32	static
record.c:1607:13:handler_record_offset	32	static
record.c:1641:13:first_count_pos	24	static
record.c:1667:9:record_create	48	static
record.c:1901:10:srecord_create	40	static
